GUID Extraction



SCANNING BASE FOLDER

Found GUID: 12824d78acdc2ff41a54e4ecdf1bd23b for asset: animations in: Assets/thefiend\animations.meta
Found GUID: 8999204c5e90c2746bd579f9ea8f4d3c for asset: audio in: Assets/thefiend\audio.meta
Found GUID: 95b62457f576b354eb8e89b2859a8ebd for asset: Cube.asset in: Assets/thefiend\Cube.asset.meta
Found GUID: e3b77a8e90c2d3f4fa4eec0f3e2824d2 for asset: enemii.png in: Assets/thefiend\enemii.png.meta
Found GUID: 960f87de79b219646a12d3cbb83e8717 for asset: materials in: Assets/thefiend\materials.meta
Found GUID: 6ac3c65865ea295478e628107466bb70 for asset: smoke.png in: Assets/thefiend\smoke.png.meta
Found GUID: 3dbd84aea8bb80b419721ac2795ad818 for asset: TheFiend.asset in: Assets/thefiend\TheFiend.asset.meta
Found GUID: e3ff0e23ac160ab49a3fad1589dd1f97 for asset: TheFiend.controller in: Assets/thefiend\TheFiend.controller.meta
Found GUID: 891e1f13f3d7361479afccde0c74546b for asset: TheFiend.prefab in: Assets/thefiend\TheFiend.prefab.meta
Found GUID: ae0f8fddf197c7e4590a1cc5d86e4866 for asset: TheFiendKey.asset in: Assets/thefiend\TheFiendKey.asset.meta
Found GUID: e28d1c1c4013b314882de73b0f17a5f4 for asset: TheFiendNode.asset in: Assets/thefiend\TheFiendNode.asset.meta
Found GUID: 61d50ed683bcbce4c8a8e6369037b36e for asset: CoverFace.anim in: Assets/thefiend\animations\CoverFace.anim.meta
Found GUID: 02b266b2ab4874e428cbfdf68eef28d0 for asset: Craw.anim in: Assets/thefiend\animations\Craw.anim.meta
Found GUID: 0a5d602f514afa34988ff622ee88f7c2 for asset: Grab.anim in: Assets/thefiend\animations\Grab.anim.meta
Found GUID: 438554ea559cd764987ff720807dcc96 for asset: Hide.anim in: Assets/thefiend\animations\Hide.anim.meta
Found GUID: e53ae228a844782408469b0d36f223f0 for asset: Idle.anim in: Assets/thefiend\animations\Idle.anim.meta
Found GUID: 8e3a05f4cd696434ba365e5ece78f69c for asset: Rage.anim in: Assets/thefiend\animations\Rage.anim.meta
Found GUID: a100f4c1076e47b4cae956114e3bd830 for asset: Run.anim in: Assets/thefiend\animations\Run.anim.meta
Found GUID: f24e670df29e3a64e857f309af200164 for asset: Seeking.anim in: Assets/thefiend\animations\Seeking.anim.meta
Found GUID: 5d71277cd5db34f48b5bef836abce101 for asset: TheFiendController.controller in: Assets/thefiend\animations\TheFiendController.controller.meta
Found GUID: 2653bfe15d2db1e4d92c3d42482ef610 for asset: UnHide.anim in: Assets/thefiend\animations\UnHide.anim.meta
Found GUID: fd1afa4be1047e2469fdaa13cf633089 for asset: Walk.anim in: Assets/thefiend\animations\Walk.anim.meta
Found GUID: acb3e40daa42fe444bd032eaf1f556de for asset: claw.ogg in: Assets/thefiend\audio\claw.ogg.meta
Found GUID: 97a482fd622abc24fad2da37c96e2e5d for asset: Fran Bow Pills Duotine Music Ambience.ogg in: Assets/thefiend\audio\Fran Bow Pills Duotine Music Ambience.ogg.meta
Found GUID: 0a5378ca6b5c84e4fa7a64a870fc589a for asset: growl.ogg in: Assets/thefiend\audio\growl.ogg.meta
Found GUID: a5f654cea80b7c84a8b705f580b5fba5 for asset: Imprisoned.ogg in: Assets/thefiend\audio\Imprisoned.ogg.meta
Found GUID: f31c5adf7754d0a49a91e3c5879528a0 for asset: killPlayer.mp3 in: Assets/thefiend\audio\killPlayer.mp3.meta
Found GUID: 7725cee36bcc3fb4985f0c4104ddcab8 for asset: killPlayer.wav in: Assets/thefiend\audio\killPlayer.wav.meta
Found GUID: d35050453c0427d4287eb1e0183c5294 for asset: MatelDoor.ogg in: Assets/thefiend\audio\MatelDoor.ogg.meta
Found GUID: ceeba3deb046ad44591f419ba562d49f for asset: Pain.ogg in: Assets/thefiend\audio\Pain.ogg.meta
Found GUID: ac173f9006e43a8419f2ec4e66f87583 for asset: scream1.ogg in: Assets/thefiend\audio\scream1.ogg.meta
Found GUID: aeb90427cf9064040933b7a3041cfd57 for asset: scream2.ogg in: Assets/thefiend\audio\scream2.ogg.meta
Found GUID: 379f5dd9f8320124e8b2f4c023c9b7da for asset: Step.ogg in: Assets/thefiend\audio\Step.ogg.meta
Found GUID: bdc38a8532d3b7546bc9e51f9e9b0a6c for asset: enemii.mat in: Assets/thefiend\materials\enemii.mat.meta
Found GUID: 39af26b32671ba147a2548b66fdc988f for asset: MapDot.mat in: Assets/thefiend\materials\MapDot.mat.meta
Found GUID: 900dfb05fdb48634a9f891221e9d24e1 for asset: Smoke_Mat.mat in: Assets/thefiend\materials\Smoke_Mat.mat.meta

SCANNING MOVE FOLDER


Scanning 267 KB file: Assets/thefiend\Cube.asset

Scanning 335 KB file: Assets/thefiend\enemii.png

Scanning 911 KB file: Assets/thefiend\smoke.png

Scanning 3 KB file: Assets/thefiend\TheFiend.asset
Found reference to GUID: 891e1f13f3d7361479afccde0c74546b on asset: TheFiend.prefab in file: Assets/thefiend\TheFiend.asset

Scanning 1 KB file: Assets/thefiend\TheFiend.controller

Scanning 62 KB file: Assets/thefiend\TheFiend.prefab
Found reference to GUID: 95b62457f576b354eb8e89b2859a8ebd on asset: Cube.asset in file: Assets/thefiend\TheFiend.prefab
Found reference to GUID: 3dbd84aea8bb80b419721ac2795ad818 on asset: TheFiend.asset in file: Assets/thefiend\TheFiend.prefab
Found reference to GUID: 5d71277cd5db34f48b5bef836abce101 on asset: TheFiendController.controller in file: Assets/thefiend\TheFiend.prefab
Found reference to GUID: acb3e40daa42fe444bd032eaf1f556de on asset: claw.ogg in file: Assets/thefiend\TheFiend.prefab
Found reference to GUID: 97a482fd622abc24fad2da37c96e2e5d on asset: Fran Bow Pills Duotine Music Ambience.ogg in file: Assets/thefiend\TheFiend.prefab
Found reference to GUID: 7725cee36bcc3fb4985f0c4104ddcab8 on asset: killPlayer.wav in file: Assets/thefiend\TheFiend.prefab
Found reference to GUID: d35050453c0427d4287eb1e0183c5294 on asset: MatelDoor.ogg in file: Assets/thefiend\TheFiend.prefab
Found reference to GUID: ceeba3deb046ad44591f419ba562d49f on asset: Pain.ogg in file: Assets/thefiend\TheFiend.prefab
Found reference to GUID: ac173f9006e43a8419f2ec4e66f87583 on asset: scream1.ogg in file: Assets/thefiend\TheFiend.prefab
Found reference to GUID: aeb90427cf9064040933b7a3041cfd57 on asset: scream2.ogg in file: Assets/thefiend\TheFiend.prefab
Found reference to GUID: 379f5dd9f8320124e8b2f4c023c9b7da on asset: Step.ogg in file: Assets/thefiend\TheFiend.prefab
Found reference to GUID: bdc38a8532d3b7546bc9e51f9e9b0a6c on asset: enemii.mat in file: Assets/thefiend\TheFiend.prefab
Found reference to GUID: 39af26b32671ba147a2548b66fdc988f on asset: MapDot.mat in file: Assets/thefiend\TheFiend.prefab

Scanning 0 KB file: Assets/thefiend\TheFiendKey.asset

Scanning 1 KB file: Assets/thefiend\TheFiendNode.asset

Scanning 12 KB file: Assets/thefiend\animations\CoverFace.anim

Scanning 12 KB file: Assets/thefiend\animations\Craw.anim

Scanning 8 KB file: Assets/thefiend\animations\Grab.anim

Scanning 6 KB file: Assets/thefiend\animations\Hide.anim

Scanning 1 KB file: Assets/thefiend\animations\Idle.anim

Scanning 5 KB file: Assets/thefiend\animations\Rage.anim

Scanning 92 KB file: Assets/thefiend\animations\Run.anim

Scanning 15 KB file: Assets/thefiend\animations\Seeking.anim

Scanning 10 KB file: Assets/thefiend\animations\TheFiendController.controller
Found reference to GUID: 61d50ed683bcbce4c8a8e6369037b36e on asset: CoverFace.anim in file: Assets/thefiend\animations\TheFiendController.controller
Found reference to GUID: 02b266b2ab4874e428cbfdf68eef28d0 on asset: Craw.anim in file: Assets/thefiend\animations\TheFiendController.controller
Found reference to GUID: 0a5d602f514afa34988ff622ee88f7c2 on asset: Grab.anim in file: Assets/thefiend\animations\TheFiendController.controller
Found reference to GUID: 438554ea559cd764987ff720807dcc96 on asset: Hide.anim in file: Assets/thefiend\animations\TheFiendController.controller
Found reference to GUID: e53ae228a844782408469b0d36f223f0 on asset: Idle.anim in file: Assets/thefiend\animations\TheFiendController.controller
Found reference to GUID: 8e3a05f4cd696434ba365e5ece78f69c on asset: Rage.anim in file: Assets/thefiend\animations\TheFiendController.controller
Found reference to GUID: a100f4c1076e47b4cae956114e3bd830 on asset: Run.anim in file: Assets/thefiend\animations\TheFiendController.controller
Found reference to GUID: f24e670df29e3a64e857f309af200164 on asset: Seeking.anim in file: Assets/thefiend\animations\TheFiendController.controller
Found reference to GUID: 2653bfe15d2db1e4d92c3d42482ef610 on asset: UnHide.anim in file: Assets/thefiend\animations\TheFiendController.controller
Found reference to GUID: fd1afa4be1047e2469fdaa13cf633089 on asset: Walk.anim in file: Assets/thefiend\animations\TheFiendController.controller

Scanning 13 KB file: Assets/thefiend\animations\UnHide.anim

Scanning 17 KB file: Assets/thefiend\animations\Walk.anim

Scanning 26 KB file: Assets/thefiend\audio\claw.ogg

Scanning 1609 KB file: Assets/thefiend\audio\Fran Bow Pills Duotine Music Ambience.ogg

Scanning 75 KB file: Assets/thefiend\audio\growl.ogg

Scanning 2347 KB file: Assets/thefiend\audio\Imprisoned.ogg

Scanning 18 KB file: Assets/thefiend\audio\killPlayer.mp3

Scanning 198 KB file: Assets/thefiend\audio\killPlayer.wav

Scanning 27 KB file: Assets/thefiend\audio\MatelDoor.ogg

Scanning 27 KB file: Assets/thefiend\audio\Pain.ogg

Scanning 35 KB file: Assets/thefiend\audio\scream1.ogg

Scanning 31 KB file: Assets/thefiend\audio\scream2.ogg

Scanning 5 KB file: Assets/thefiend\audio\Step.ogg

Scanning 8 KB file: Assets/thefiend\materials\enemii.mat
Found reference to GUID: e3b77a8e90c2d3f4fa4eec0f3e2824d2 on asset: enemii.png in file: Assets/thefiend\materials\enemii.mat

Scanning 8 KB file: Assets/thefiend\materials\MapDot.mat

Scanning 5 KB file: Assets/thefiend\materials\Smoke_Mat.mat
Extracted GUID reference data.
Found 25 referenced duplicated assets.
Saved to: C:/Users/mrfaw/Documents/GitHub/Fiend-LC/GUID-RefMap (Unity)/GuidReferenceMap.json
